[01:46:11] [ServerMain/INFO]: [bootstrap] Running Java 21 (OpenJDK 64-Bit Server VM 21.0.11+10-1-24.04.2-Ubuntu; Ubuntu null) on Linux 6.8.0-1052-azure (amd64)
[01:46:11] [ServerMain/INFO]: [bootstrap] Loading Paper 1.21.8-6-main@782ce95 (2025-07-18T20:26:58Z) for Minecraft 1.21.8
[01:46:11] [ServerMain/INFO]: [PluginInitializerManager] Initializing plugins...
[01:46:12] [ServerMain/INFO]: [PluginInitializerManager] Initialized 3 plugins
[01:46:12] [ServerMain/INFO]: [PluginInitializerManager] Bukkit plugins (3):
 - ClearLag (3.2.2), Fahare (1.2.1), SkinsRestorer (15.12.0)
[01:46:17] [ServerMain/INFO]: Environment: Environment[sessionHost=https://sessionserver.mojang.com, servicesHost=https://api.minecraftservices.com, name=PROD]
[01:46:19] [ServerMain/INFO]: Loaded 1407 recipes
[01:46:19] [ServerMain/INFO]: Loaded 1520 advancements
[01:46:19] [ServerMain/INFO]: [ca.spottedleaf.dataconverter.minecraft.datatypes.MCTypeRegistry] Initialising converters for DataConverter...
[01:46:19] [ServerMain/INFO]: [ca.spottedleaf.dataconverter.minecraft.datatypes.MCTypeRegistry] Finished initialising converters for DataConverter in 466.0ms
[01:46:19] [Server thread/INFO]: Starting minecraft server version 1.21.8
[01:46:19] [Server thread/INFO]: Loading properties
[01:46:19] [Server thread/INFO]: This server is running Paper version 1.21.8-6-main@782ce95 (2025-07-18T20:26:58Z) (Implementing API version 1.21.8-R0.1-SNAPSHOT)
[01:46:20] [Server thread/INFO]: [spark] This server bundles the spark profiler. For more information please visit https://docs.papermc.io/paper/profiling
[01:46:20] [Server thread/INFO]: Server Ping Player Sample Count: 12
[01:46:20] [Server thread/INFO]: Using 4 threads for Netty based IO
[01:46:20] [Server thread/INFO]: [MoonriseCommon] Paper is using 1 worker threads, 1 I/O threads
[01:46:20] [Server thread/INFO]: [ChunkTaskScheduler] Chunk system is using population gen parallelism: true
[01:46:21] [Server thread/INFO]: Default game type: SURVIVAL
[01:46:21] [Server thread/INFO]: Generating keypair
[01:46:21] [Server thread/INFO]: Starting Minecraft server on *:25565
[01:46:21] [Server thread/INFO]: Using epoll channel type
[01:46:21] [Server thread/INFO]: Paper: Using libdeflate (Linux x86_64) compression from Velocity.
[01:46:21] [Server thread/INFO]: Paper: Using OpenSSL 3.x.x (Linux x86_64) cipher from Velocity.
[01:46:22] [Server thread/INFO]: [SkinsRestorer] Loading server plugin SkinsRestorer v15.12.0
[01:46:22] [Server thread/INFO]: [ClearLag] Loading server plugin ClearLag v3.2.2
[01:46:22] [Server thread/INFO]: [Fahare] Loading server plugin Fahare v1.2.1
[01:46:22] [Server thread/INFO]: Server permissions file permissions.yml is empty, ignoring it
[01:46:22] [Server thread/INFO]: [SkinsRestorer] Enabling SkinsRestorer v15.12.0
[01:46:23] [Server thread/INFO]: [SkinsRestorer] Running on Minecraft 1.21.8.
[01:46:24] [Server thread/INFO]: [SkinsRestorer] Using paper join listener!
[01:46:24] [Server thread/WARN]: **** SERVER IS RUNNING IN OFFLINE/INSECURE MODE!
[01:46:24] [Server thread/WARN]: The server will make no attempt to authenticate usernames. Beware.
[01:46:24] [Server thread/WARN]: While this makes the game possible to play without internet access, it also opens up the ability for hackers to connect with any username they choose.
[01:46:24] [Server thread/WARN]: To change this, set "online-mode" to "true" in the server.properties file.
[01:46:24] [Server thread/INFO]: Preparing level "world"
[01:46:24] [Folia Async Scheduler Thread #1/INFO]: [SkinsRestorer] ----------------------------------------------
[01:46:24] [Folia Async Scheduler Thread #1/INFO]: [SkinsRestorer]     +==================+
[01:46:24] [Folia Async Scheduler Thread #1/INFO]: [SkinsRestorer]     |   SkinsRestorer  |
[01:46:24] [Folia Async Scheduler Thread #1/INFO]: [SkinsRestorer]     |------------------|
[01:46:24] [Folia Async Scheduler Thread #1/INFO]: [SkinsRestorer]     |  Standalone Mode |
[01:46:24] [Folia Async Scheduler Thread #1/INFO]: [SkinsRestorer]     +==================+
[01:46:24] [Folia Async Scheduler Thread #1/INFO]: [SkinsRestorer] ----------------------------------------------
[01:46:24] [Folia Async Scheduler Thread #1/INFO]: [SkinsRestorer]     Version: 15.12.0
[01:46:24] [Folia Async Scheduler Thread #1/INFO]: [SkinsRestorer]     Commit: 2903414
[01:46:24] [Folia Async Scheduler Thread #1/INFO]: [SkinsRestorer]     This is the latest version!
[01:46:24] [Folia Async Scheduler Thread #1/INFO]: [SkinsRestorer] ----------------------------------------------
[01:46:24] [Folia Async Scheduler Thread #1/INFO]: [SkinsRestorer] Do you have issues? Read our troubleshooting guide: https://skinsrestorer.net/docs/troubleshooting
[01:46:24] [Folia Async Scheduler Thread #1/INFO]: [SkinsRestorer] Want to support SkinsRestorer or receive priority support? Become a supporter: https://skinsrestorer.net/pricing
[01:46:24] [Server thread/INFO]: Preparing start region for dimension minecraft:overworld
[01:46:24] [Server thread/INFO]: Preparing spawn area: 0%
[01:46:25] [Server thread/INFO]: Preparing spawn area: 2%
[01:46:25] [Server thread/INFO]: Preparing spawn area: 32%
[01:46:25] [Server thread/INFO]: Time elapsed: 1168 ms
[01:46:25] [Server thread/INFO]: Preparing start region for dimension minecraft:the_nether
[01:46:25] [Server thread/INFO]: Preparing spawn area: 0%
[01:46:25] [Server thread/INFO]: Time elapsed: 198 ms
[01:46:25] [Server thread/INFO]: Preparing start region for dimension minecraft:the_end
[01:46:25] [Server thread/INFO]: Preparing spawn area: 0%
[01:46:26] [Server thread/INFO]: Time elapsed: 175 ms
[01:46:26] [Server thread/INFO]: [ClearLag] Enabling ClearLag v3.2.2
[01:46:26] [Server thread/INFO]: [ClearLag] Using version-adapter: LatestVersionAdapter
[01:46:26] [Server thread/INFO]: [ClearLag] Loading modules...
[01:46:26] [Server thread/WARN]: [ClearLag] Clearlag failed to use the internal TPS tracker during initialization. Reverted to estimation... (Index 3 out of bounds for length 3)
[01:46:26] [Server thread/INFO]: [ClearLag] Modules enabed, loading config values
[01:46:26] [Server thread/INFO]: [ClearLag] Modules have been loaded!
[01:46:26] [Server thread/INFO]: [ClearLag] Clearlag is now enabled!
[01:46:26] [Thread-10/WARN]: [ClearLag] Clearlag failed to check for updates - bukkit may be down
[01:46:26] [Server thread/INFO]: [Fahare] Enabling Fahare v1.2.1
[01:46:26] [Thread-10/WARN]: java.lang.ArrayIndexOutOfBoundsException: Index 3 out of bounds for length 3
[01:46:26] [Thread-10/WARN]: 	at Clearlag.jar//me.minebuilders.clearlag.Util.getBukkitVersion(Util.java:105)
[01:46:26] [Thread-10/WARN]: 	at Clearlag.jar//me.minebuilders.clearlag.BukkitUpdater.updateAvailable(BukkitUpdater.java:32)
[01:46:26] [Thread-10/WARN]: 	at Clearlag.jar//me.minebuilders.clearlag.BukkitUpdater.run(BukkitUpdater.java:82)
[01:46:26] [Thread-10/WARN]: 	at java.base/java.lang.Thread.run(Thread.java:1583)
[01:46:26] [Server thread/INFO]: Preparing start region for dimension fahare:limbo
[01:46:26] [Server thread/INFO]: Preparing spawn area: 0%
[01:46:26] [Server thread/INFO]: Time elapsed: 102 ms
[01:46:26] [Server thread/INFO]: Preparing start region for dimension fahare:overworld
[01:46:26] [Server thread/INFO]: Preparing spawn area: 0%
[01:46:26] [Server thread/INFO]: Time elapsed: 272 ms
[01:46:27] [Server thread/INFO]: [spark] Starting background profiler...
[01:46:27] [Server thread/INFO]: Done preparing level "world" (3.328s)
[01:46:27] [Server thread/INFO]: Running delayed init tasks
[01:46:27] [Server thread/INFO]: Done (17.114s)! For help, type "help"
